// Jest Snapshot v1, https://goo.gl/fbAQLP

exports[`snapshot 1`] = `
<DocumentFragment>
  <div
    class="button"
  >
    Take a Quiz
  </div>
  <div
    class="modal modal__content--hidden"
  >
    <div
      class="modal__content modal__content--hidden"
    >
      <div
        class="header"
      >
        <svg
          aria-hidden="true"
          class="MuiSvgIcon-root MuiSvgIcon-fontSizeMedium css-ysecw-MuiSvgIcon-root"
          data-testid="ArrowBackIcon"
          focusable="false"
          viewBox="0 0 24 24"
        >
          <path
            d="M20 11H7.83l5.59-5.59L12 4l-8 8 8 8 1.41-1.41L7.83 13H20z"
          />
        </svg>
        <div
          class="heading"
        >
          Wellbeing Check-in
        </div>
        <svg
          aria-hidden="true"
          class="MuiSvgIcon-root MuiSvgIcon-fontSizeMedium css-ysecw-MuiSvgIcon-root"
          data-testid="CloseIcon"
          focusable="false"
          viewBox="0 0 24 24"
        >
          <path
            d="M19 6.41 17.59 5 12 10.59 6.41 5 5 6.41 10.59 12 5 17.59 6.41 19 12 13.41 17.59 19 19 17.59 13.41 12z"
          />
        </svg>
      </div>
      <div
        class="choices"
      >
        <div
          class="choices__heading"
        >
          Hello! How are you feeling today?
        </div>
        <div
          class="choices__container"
        >
          <div
            class="choices__card"
          >
            <svg
              aria-hidden="true"
              class="MuiSvgIcon-root MuiSvgIcon-fontSizeMedium css-haebtd-MuiSvgIcon-root"
              data-testid="SentimentVeryDissatisfiedTwoToneIcon"
              focusable="false"
              viewBox="0 0 24 24"
            >
              <path
                d="M12 4c-4.42 0-8 3.58-8 8s3.58 8 8 8 8-3.58 8-8-3.58-8-8-8M6.76 8.82l1.06-1.06 1.06 1.06 1.06-1.06L11 8.82 9.94 9.88 11 10.94 9.94 12l-1.06-1.06L7.82 12l-1.06-1.06 1.06-1.06zM6.89 17c.8-2.04 2.78-3.5 5.11-3.5s4.31 1.46 5.11 3.5zm10.35-6.06L16.18 12l-1.06-1.06L14.06 12 13 10.94l1.06-1.06L13 8.82l1.06-1.06 1.06 1.06 1.06-1.06 1.06 1.06-1.06 1.06z"
                opacity=".3"
              />
              <path
                d="M12 13.5c-2.33 0-4.31 1.46-5.11 3.5h10.22c-.8-2.04-2.78-3.5-5.11-3.5M7.82 12l1.06-1.06L9.94 12 11 10.94 9.94 9.88 11 8.82 9.94 7.76 8.88 8.82 7.82 7.76 6.76 8.82l1.06 1.06-1.06 1.06zm4.17-10C6.47 2 2 6.47 2 12s4.47 10 9.99 10S22 17.53 22 12 17.52 2 11.99 2M12 20c-4.42 0-8-3.58-8-8s3.58-8 8-8 8 3.58 8 8-3.58 8-8 8m4.18-12.24-1.06 1.06-1.06-1.06L13 8.82l1.06 1.06L13 10.94 14.06 12l1.06-1.06L16.18 12l1.06-1.06-1.06-1.06 1.06-1.06z"
              />
            </svg>
            <span
              class="choices__label"
            >
              Terrible
            </span>
          </div>
          <div
            class="choices__card"
          >
            <svg
              aria-hidden="true"
              class="MuiSvgIcon-root MuiSvgIcon-fontSizeMedium css-1k2t8zz-MuiSvgIcon-root"
              data-testid="MoodBadTwoToneIcon"
              focusable="false"
              viewBox="0 0 24 24"
            >
              <path
                d="M12 4c-4.42 0-8 3.58-8 8s3.58 8 8 8 8-3.58 8-8-3.58-8-8-8m3.5 4c.83 0 1.5.67 1.5 1.5s-.67 1.5-1.5 1.5-1.5-.67-1.5-1.5.67-1.5 1.5-1.5m-7 0c.83 0 1.5.67 1.5 1.5S9.33 11 8.5 11 7 10.33 7 9.5 7.67 8 8.5 8m-1.61 9c.8-2.04 2.78-3.5 5.11-3.5s4.31 1.46 5.11 3.5z"
                opacity=".3"
              />
              <circle
                cx="8.5"
                cy="9.5"
                r="1.5"
              />
              <path
                d="M11.99 2C6.47 2 2 6.48 2 12s4.47 10 9.99 10C17.52 22 22 17.52 22 12S17.52 2 11.99 2M12 20c-4.42 0-8-3.58-8-8s3.58-8 8-8 8 3.58 8 8-3.58 8-8 8m0-6.5c-2.33 0-4.31 1.46-5.11 3.5h10.22c-.8-2.04-2.78-3.5-5.11-3.5"
              />
              <circle
                cx="15.5"
                cy="9.5"
                r="1.5"
              />
            </svg>
            <span
              class="choices__label"
            >
              Bad
            </span>
          </div>
          <div
            class="choices__card"
          >
            <svg
              aria-hidden="true"
              class="MuiSvgIcon-root MuiSvgIcon-fontSizeMedium css-wmm9g0-MuiSvgIcon-root"
              data-testid="SentimentSatisfiedTwoToneIcon"
              focusable="false"
              viewBox="0 0 24 24"
            >
              <path
                d="M12 4c-4.42 0-8 3.58-8 8s3.58 8 8 8 8-3.58 8-8-3.58-8-8-8m3.5 4c.83 0 1.5.67 1.5 1.5s-.67 1.5-1.5 1.5-1.5-.67-1.5-1.5.67-1.5 1.5-1.5m-7 0c.83 0 1.5.67 1.5 1.5S9.33 11 8.5 11 7 10.33 7 9.5 7.67 8 8.5 8m3.5 9.5c-2.33 0-4.32-1.45-5.12-3.5h1.67c.7 1.19 1.97 2 3.45 2s2.75-.81 3.45-2h1.67c-.8 2.05-2.79 3.5-5.12 3.5"
                opacity=".3"
              />
              <circle
                cx="15.5"
                cy="9.5"
                r="1.5"
              />
              <circle
                cx="8.5"
                cy="9.5"
                r="1.5"
              />
              <path
                d="M12 16c-1.48 0-2.75-.81-3.45-2H6.88c.8 2.05 2.79 3.5 5.12 3.5s4.32-1.45 5.12-3.5h-1.67c-.7 1.19-1.97 2-3.45 2m-.01-14C6.47 2 2 6.48 2 12s4.47 10 9.99 10C17.52 22 22 17.52 22 12S17.52 2 11.99 2M12 20c-4.42 0-8-3.58-8-8s3.58-8 8-8 8 3.58 8 8-3.58 8-8 8"
              />
            </svg>
            <span
              class="choices__label"
            >
              Alright
            </span>
          </div>
          <div
            class="choices__card"
          >
            <svg
              aria-hidden="true"
              class="MuiSvgIcon-root MuiSvgIcon-fontSizeMedium css-1wt7hl8-MuiSvgIcon-root"
              data-testid="TagFacesTwoToneIcon"
              focusable="false"
              viewBox="0 0 24 24"
            >
              <path
                d="M12 4c-4.42 0-8 3.58-8 8s3.58 8 8 8 8-3.58 8-8-3.58-8-8-8m3.5 4c.83 0 1.5.67 1.5 1.5s-.67 1.5-1.5 1.5-1.5-.67-1.5-1.5.67-1.5 1.5-1.5m-7 0c.83 0 1.5.67 1.5 1.5S9.33 11 8.5 11 7 10.33 7 9.5 7.67 8 8.5 8m3.5 9.5c-2.33 0-4.31-1.46-5.11-3.5h10.22c-.8 2.04-2.78 3.5-5.11 3.5"
                opacity=".3"
              />
              <circle
                cx="8.5"
                cy="9.5"
                r="1.5"
              />
              <path
                d="M12 17.5c2.33 0 4.31-1.46 5.11-3.5H6.89c.8 2.04 2.78 3.5 5.11 3.5"
              />
              <circle
                cx="15.5"
                cy="9.5"
                r="1.5"
              />
              <path
                d="M11.99 2C6.47 2 2 6.48 2 12s4.47 10 9.99 10C17.52 22 22 17.52 22 12S17.52 2 11.99 2M12 20c-4.42 0-8-3.58-8-8s3.58-8 8-8 8 3.58 8 8-3.58 8-8 8"
              />
            </svg>
            <span
              class="choices__label"
            >
              Pretty Good
            </span>
          </div>
          <div
            class="choices__card"
          >
            <svg
              aria-hidden="true"
              class="MuiSvgIcon-root MuiSvgIcon-fontSizeMedium css-t1xzes-MuiSvgIcon-root"
              data-testid="SentimentVerySatisfiedTwoToneIcon"
              focusable="false"
              viewBox="0 0 24 24"
            >
              <path
                d="M12 4c-4.42 0-8 3.58-8 8s3.58 8 8 8 8-3.58 8-8-3.58-8-8-8M8.88 7.82 11 9.94 9.94 11 8.88 9.94 7.82 11 6.76 9.94zM12 17.5c-2.33 0-4.31-1.46-5.11-3.5h10.22c-.8 2.04-2.78 3.5-5.11 3.5m4.18-6.5-1.06-1.06L14.06 11 13 9.94l2.12-2.12 2.12 2.12z"
                opacity=".3"
              />
              <path
                d="M8.88 9.94 9.94 11 11 9.94 8.88 7.82 6.76 9.94 7.82 11zm4.12 0L14.06 11l1.06-1.06L16.18 11l1.06-1.06-2.12-2.12zM11.99 2C6.47 2 2 6.47 2 12s4.47 10 9.99 10S22 17.53 22 12 17.52 2 11.99 2M12 20c-4.42 0-8-3.58-8-8s3.58-8 8-8 8 3.58 8 8-3.58 8-8 8m0-2.5c2.33 0 4.31-1.46 5.11-3.5H6.89c.8 2.04 2.78 3.5 5.11 3.5"
              />
            </svg>
            <span
              class="choices__label"
            >
              Fantastic
            </span>
          </div>
        </div>
      </div>
      <div
        class="btn btn--disabled"
      >
        Continue
      </div>
    </div>
  </div>
</DocumentFragment>
`;
