// Jest Snapshot v1, https://goo.gl/fbAQLP

exports[`Modal Component renders correctly when open 1`] = `
<DocumentFragment>
  <div
    class="modal"
  >
    <div
      class="modal__content"
    >
      <div
        class="header"
      >
        <svg
          aria-hidden="true"
          class="MuiSvgIcon-root MuiSvgIcon-fontSizeMedium css-ysecw-MuiSvgIcon-root"
          data-testid="ArrowBackIcon"
          focusable="false"
          viewBox="0 0 24 24"
        >
          <path
            d="M20 11H7.83l5.59-5.59L12 4l-8 8 8 8 1.41-1.41L7.83 13H20z"
          />
        </svg>
        <div
          class="heading"
        >
          Wellbeing Check-in
        </div>
        <svg
          aria-hidden="true"
          class="MuiSvgIcon-root MuiSvgIcon-fontSizeMedium css-ysecw-MuiSvgIcon-root"
          data-testid="CloseIcon"
          focusable="false"
          viewBox="0 0 24 24"
        >
          <path
            d="M19 6.41 17.59 5 12 10.59 6.41 5 5 6.41 10.59 12 5 17.59 6.41 19 12 13.41 17.59 19 19 17.59 13.41 12z"
          />
        </svg>
      </div>
      <div
        class="choices"
      >
        <div
          class="choices__heading"
        >
          Hello! How are you feeling today?
        </div>
        <div
          class="choices__container"
        >
          <div
            class=""
            data-testid="choice-card"
          >
            Terrible
          </div>
          <div
            class=""
            data-testid="choice-card"
          >
            Bad
          </div>
          <div
            class=""
            data-testid="choice-card"
          >
            Alright
          </div>
          <div
            class=""
            data-testid="choice-card"
          >
            Pretty Good
          </div>
          <div
            class=""
            data-testid="choice-card"
          >
            Fantastic
          </div>
        </div>
      </div>
      <div
        class="btn btn--disabled"
      >
        Continue
      </div>
    </div>
  </div>
</DocumentFragment>
`;

exports[`Modal Component renders without crashing when closed 1`] = `<DocumentFragment />`;
